C51 COMPILER V9.60.0.0   LED_TEST                                                          04/19/2020 23:57:08 PAGE 1   


C51 COMPILER V9.60.0.0, COMPILATION OF MODULE LED_TEST
OBJECT MODULE PLACED IN .\Objects\led_test.obj
COMPILER INVOKED BY: C:\Keil_v5\C51\BIN\C51.EXE led_test.c OPTIMIZE(8,SPEED) BROWSE DEBUG OBJECTEXTEND PRINT(.\Listings\
                    -led_test.lst) TABS(2) OBJECT(.\Objects\led_test.obj)

line level    source

   1          #include<reg51.h>
   2          
   3          void delay(unsigned int delay_ms);
   4          void main()
   5          {
   6   1        P2=0x00; // 0x00 for Output
   7   1        while(1)
   8   1          
   9   1        
  10   1        {
  11   2          P2=0xFF;
  12   2          delay(1);
  13   2          P2=0x00;
  14   2          delay(1);
  15   2        }
  16   1      }
  17          
  18          void delay(unsigned int delay_ms)
  19          {
  20   1        int i,j;
  21   1        for(i=0;i<1295;i++)
  22   1        {
  23   2          for(j=0;j<1000;j++);
  24   2        }
  25   1      }
*** WARNING C280 IN LINE 18 OF led_test.c: 'delay_ms': unreferenced local variable
  26          


MODULE INFORMATION:   STATIC OVERLAYABLE
   CODE SIZE        =     57    ----
   CONSTANT SIZE    =   ----    ----
   XDATA SIZE       =   ----    ----
   PDATA SIZE       =   ----    ----
   DATA SIZE        =   ----       2
   IDATA SIZE       =   ----    ----
   BIT SIZE         =   ----    ----
END OF MODULE INFORMATION.


C51 COMPILATION COMPLETE.  1 WARNING(S),  0 ERROR(S)
