BL51 BANKED LINKER/LOCATER V6.22.2.0                                                    04/19/2020  23:57:08  PAGE 1


BL51 BANKED LINKER/LOCATER V6.22.2.0, INVOKED BY:
C:\KEIL_V5\C51\BIN\BL51.EXE .\Objects\led_test.obj TO .\Objects\led_test PRINT (.\Listings\led_test.m51) RAMSIZE (256)


MEMORY MODEL: SMALL


INPUT MODULES INCLUDED:
  .\Objects\led_test.obj (LED_TEST)
  C:\KEIL_V5\C51\LIB\C51S.LIB (?C_STARTUP)


LINK MAP OF MODULE:  .\Objects\led_test (LED_TEST)


            TYPE    BASE      LENGTH    RELOCATION   SEGMENT NAME
            -----------------------------------------------------

            * * * * * * *   D A T A   M E M O R Y   * * * * * * *
            REG     0000H     0008H     ABSOLUTE     "REG BANK 0"
            DATA    0008H     0002H     UNIT         _DATA_GROUP_
            IDATA   000AH     0001H     UNIT         ?STACK

            * * * * * * *   C O D E   M E M O R Y   * * * * * * *
            CODE    0000H     0003H     ABSOLUTE     
                    0003H     07FDH                  *** GAP ***
            CODE    0800H     0021H     UNIT         ?PR?_DELAY?LED_TEST
            CODE    0821H     0018H     UNIT         ?PR?MAIN?LED_TEST
            CODE    0839H     000CH     UNIT         ?C_C51STARTUP



OVERLAY MAP OF MODULE:   .\Objects\led_test (LED_TEST)


SEGMENT                          DATA_GROUP 
  +--> CALLED SEGMENT          START    LENGTH
----------------------------------------------
?C_C51STARTUP                  -----    -----
  +--> ?PR?MAIN?LED_TEST

?PR?MAIN?LED_TEST              -----    -----
  +--> ?PR?_DELAY?LED_TEST

?PR?_DELAY?LED_TEST            0008H    0002H



SYMBOL TABLE OF MODULE:  .\Objects\led_test (LED_TEST)

  VALUE           TYPE          NAME
  ----------------------------------

  -------         MODULE        LED_TEST
  C:0000H         SYMBOL        _ICE_DUMMY_
  D:00A0H         PUBLIC        P2
  C:0800H         PUBLIC        _delay
  C:0821H         PUBLIC        main
BL51 BANKED LINKER/LOCATER V6.22.2.0                                                  04/19/2020  23:57:08  PAGE 2


  -------         PROC          MAIN
  C:0821H         LINE#         4
  C:0821H         LINE#         5
  C:0821H         LINE#         6
  C:0824H         LINE#         7
  C:0824H         LINE#         10
  C:0824H         LINE#         11
  C:0827H         LINE#         12
  C:082EH         LINE#         13
  C:0831H         LINE#         14
  C:0837H         LINE#         15
  -------         ENDPROC       MAIN
  -------         PROC          _DELAY
  D:0008H         SYMBOL        delay_ms
  -------         DO            
  D:0006H         SYMBOL        i
  D:0004H         SYMBOL        j
  -------         ENDDO         
  C:0800H         LINE#         18
  C:0804H         LINE#         19
  C:0804H         LINE#         21
  C:0807H         LINE#         22
  C:0807H         LINE#         23
  C:0815H         LINE#         24
  C:0820H         LINE#         25
  -------         ENDPROC       _DELAY
  -------         ENDMOD        LED_TEST

******************************************************************************
* RESTRICTED VERSION WITH 0800H BYTE CODE SIZE LIMIT; USED: 0039H BYTE ( 2%) *
******************************************************************************

Program Size: data=11.0 xdata=0 code=72
LINK/LOCATE RUN COMPLETE.  0 WARNING(S),  0 ERROR(S)
