C51 COMPILER V9.60.0.0   TEST                                                              04/14/2020 21:32:19 PAGE 1   


C51 COMPILER V9.60.0.0, COMPILATION OF MODULE TEST
OBJECT MODULE PLACED IN .\Objects\test.obj
COMPILER INVOKED BY: C:\Keil_v5\C51\BIN\C51.EXE test.c OPTIMIZE(8,SPEED) BROWSE DEBUG OBJECTEXTEND PRINT(.\Listings\test
                    -.lst) TABS(2) OBJECT(.\Objects\test.obj)

line level    source

   1          #include<reg52.h>
   2          
   3          //sbit LED =P2^0;
   4          void delay(void);
   5          void main()
   6          {
   7   1      
   8   1      while(1)
   9   1      {
  10   2      P0 = 0xAA;
  11   2      
  12   2      delay (1000);
*** ERROR C207 IN LINE 12 OF test.c: 'delay': declared with 'void' parameter list
  13   2      
  14   2      P0 = 0x55;
  15   2      
  16   2      delay (1000);
*** ERROR C207 IN LINE 16 OF test.c: 'delay': declared with 'void' parameter list
  17   2      }
  18   1      } 
  19          
  20          void delay(void)
  21          {
  22   1        int i, j;
  23   1        for (i=0;i<1000;i++)
  24   1        {
  25   2          for (j=0;j<1000;j++);
  26   2        }
  27   1      }

C51 COMPILATION COMPLETE.  0 WARNING(S),  2 ERROR(S)
